CREATE TABLE t (val vector(3));
NOTICE:  Table doesn't have 'DISTRIBUTED BY' clause, and no column type is suitable for a distribution key. Creating a NULL policy entry.
INSERT INTO t (val) VALUES ('[0,0,0]'), ('[1,2,3]'), ('[1,1,1]'), (NULL);
CREATE TABLE t2 (val vector(3));
NOTICE:  Table doesn't have 'DISTRIBUTED BY' clause, and no column type is suitable for a distribution key. Creating a NULL policy entry.
\copy t TO 'results/data.bin' WITH (FORMAT binary)
\copy t2 FROM 'results/data.bin' WITH (FORMAT binary)
SELECT * FROM t2 ORDER BY val;
   val   
---------
 [0,0,0]
 [1,1,1]
 [1,2,3]
 
(4 rows)

DROP TABLE t;
DROP TABLE t2;
