SET enable_seqscan = off;
CREATE UNLOGGED TABLE t (val vector(3));
NOTICE:  Table doesn't have 'DISTRIBUTED BY' clause, and no column type is suitable for a distribution key. Creating a NULL policy entry.
INSERT INTO t (val) VALUES ('[0,0,0]'), ('[1,2,3]'), ('[1,1,1]'), (NULL);
CREATE INDEX ON t USING hnsw (val vector_l2_ops);
SELECT * FROM t ORDER BY val <-> '[3,3,3]';
   val   
---------
 [1,2,3]
 [1,1,1]
 [0,0,0]
(3 rows)

DROP TABLE t;
