SET enable_seqscan = off;
CREATE TABLE t (val vector(3));
NOTICE:  Table doesn't have 'DISTRIBUTED BY' clause, and no column type is suitable for a distribution key. Creating a NULL policy entry.
INSERT INTO t (val) VALUES ('[0,0,0]'), ('[1,2,3]'), ('[1,1,1]'), (NULL);
CREATE INDEX ON t USING hnsw (val vector_l2_ops);
INSERT INTO t (val) VALUES ('[1,2,4]');
SELECT * FROM t ORDER BY val <-> '[3,3,3]';
   val   
---------
 [1,2,3]
 [1,2,4]
 [1,1,1]
 [0,0,0]
(4 rows)

-- this sql will convert to ‘order by ctid’ clause, but the result is not stable on MPP architecture.
-- SELECT * FROM t ORDER BY val <-> (SELECT NULL::vector);
SELECT * FROM t ORDER BY val;
   val   
---------
 [0,0,0]
 [1,1,1]
 [1,2,3]
 [1,2,4]
 
(5 rows)

SELECT COUNT(*) FROM t;
 count 
-------
     5
(1 row)

TRUNCATE t;
SELECT * FROM t ORDER BY val <-> '[3,3,3]';
 val 
-----
(0 rows)

DROP TABLE t;
